// Jest Snapshot v1, https://goo.gl/fbAQLP

exports[`testing the full functionlity of the card Snapshot test 1`] = `
<View
  style={
    {
      "borderRadius": 5,
      "marginVertical": 20,
      "width": "100%",
    }
  }
>
  <View
    accessibilityState={
      {
        "busy": undefined,
        "checked": undefined,
        "disabled": undefined,
        "expanded": undefined,
        "selected": undefined,
      }
    }
    accessibilityValue={
      {
        "max": undefined,
        "min": undefined,
        "now": undefined,
        "text": undefined,
      }
    }
    accessible={true}
    collapsable={false}
    focusable={true}
    onClick={[Function]}
    onResponderGrant={[Function]}
    onResponderMove={[Function]}
    onResponderRelease={[Function]}
    onResponderTerminate={[Function]}
    onResponderTerminationRequest={[Function]}
    onStartShouldSetResponder={[Function]}
    style={
      {
        "opacity": 1,
      }
    }
    testID="card-btn"
  >
    <Image
      alt="some image"
      source={
        {
          "uri": "www.google.com/img",
        }
      }
      style={
        {
          "borderRadius": 10,
          "height": 300,
          "marginBottom": 20,
          "objectFit": "cover",
          "width": "100%",
        }
      }
      testID="image-test"
    />
    <Text
      style={
        {
          "color": "black",
          "fontSize": 18,
          "fontStyle": "italic",
          "marginBottom": 5,
          "textAlign": "left",
        }
      }
    >
      title test
    </Text>
    <Text
      style={
        {
          "fontStyle": "italic",
          "textAlign": "left",
        }
      }
    >
      Number Of Views : 1
    </Text>
  </View>
</View>
`;
